=== Gemma job started ===
Thu Aug 20 08:09:48 UTC 2026
Collecting transformers>=4.50.0
  Using cached transformers-5.15.1-py3-none-any.whl.metadata (32 kB)
Collecting accelerate
  Using cached accelerate-1.14.0-py3-none-any.whl.metadata (19 kB)
Requirement already satisfied: huggingface_hub in /home/ppllm26_team000/.local/lib/python3.11/site-packages (1.28.0)
Requirement already satisfied: numpy>=1.17 in /opt/conda/lib/python3.11/site-packages (from transformers>=4.50.0) (2.1.2)
Requirement already satisfied: packaging>=20.0 in /home/ppllm26_team000/.local/lib/python3.11/site-packages (from transformers>=4.50.0) (26.3)
Requirement already satisfied: pyyaml>=5.1 in /home/ppllm26_team000/.local/lib/python3.11/site-packages (from transformers>=4.50.0) (6.0.3)
Collecting regex>=2025.10.22 (from transformers>=4.50.0)
  Downloading regex-2026.7.19-cp311-cp311-manylinux2014_x86_64.manylinux_2_17_x86_64.manylinux_2_28_x86_64.whl.metadata (40 kB)
Collecting tokenizers<=0.23.0,>=0.22.0 (from transformers>=4.50.0)
  Using cached tokenizers-0.22.2-cp39-abi3-manylinux_2_17_x86_64.manylinux2014_x86_64.whl.metadata (7.3 kB)
Collecting typer (from transformers>=4.50.0)
  Using cached typer-0.27.1-py3-none-any.whl.metadata (16 kB)
Collecting safetensors>=0.8.0 (from transformers>=4.50.0)
  Using cached safetensors-0.8.0-cp310-abi3-manylinux_2_17_x86_64.manylinux2014_x86_64.whl.metadata (4.2 kB)
Requirement already satisfied: tqdm>=4.60 in /home/ppllm26_team000/.local/lib/python3.11/site-packages (from transformers>=4.50.0) (4.70.0)
Requirement already satisfied: psutil in /opt/conda/lib/python3.11/site-packages (from accelerate) (6.1.0)
Requirement already satisfied: torch>=2.0.0 in /opt/conda/lib/python3.11/site-packages (from accelerate) (2.5.1+cu124)
Requirement already satisfied: click<9.0.0,>=8.4.2 in /home/ppllm26_team000/.local/lib/python3.11/site-packages (from huggingface_hub) (8.4.2)
Requirement already satisfied: filelock>=3.10.0 in /home/ppllm26_team000/.local/lib/python3.11/site-packages (from huggingface_hub) (3.32.3)
Requirement already satisfied: fsspec>=2023.5.0 in /home/ppllm26_team000/.local/lib/python3.11/site-packages (from huggingface_hub) (2026.7.0)
Requirement already satisfied: hf-xet<2.0.0,>=1.5.2 in /home/ppllm26_team000/.local/lib/python3.11/site-packages (from huggingface_hub) (1.6.0)
Requirement already satisfied: httpx<1,>=0.23.0 in /home/ppllm26_team000/.local/lib/python3.11/site-packages (from huggingface_hub) (0.28.1)
Requirement already satisfied: typing-extensions>=4.1.0 in /home/ppllm26_team000/.local/lib/python3.11/site-packages (from huggingface_hub) (4.16.0)
Requirement already satisfied: anyio in /home/ppllm26_team000/.local/lib/python3.11/site-packages (from httpx<1,>=0.23.0->huggingface_hub) (4.14.2)
Requirement already satisfied: certifi in /home/ppllm26_team000/.local/lib/python3.11/site-packages (from httpx<1,>=0.23.0->huggingface_hub) (2026.7.22)
Requirement already satisfied: httpcore==1.* in /home/ppllm26_team000/.local/lib/python3.11/site-packages (from httpx<1,>=0.23.0->huggingface_hub) (1.0.9)
Requirement already satisfied: idna in /home/ppllm26_team000/.local/lib/python3.11/site-packages (from httpx<1,>=0.23.0->huggingface_hub) (3.19)
Requirement already satisfied: h11>=0.16 in /home/ppllm26_team000/.local/lib/python3.11/site-packages (from httpcore==1.*->httpx<1,>=0.23.0->huggingface_hub) (0.16.0)
Requirement already satisfied: networkx in /opt/conda/lib/python3.11/site-packages (from torch>=2.0.0->accelerate) (3.4.2)
Requirement already satisfied: jinja2 in /opt/conda/lib/python3.11/site-packages (from torch>=2.0.0->accelerate) (3.1.4)
Requirement already satisfied: nvidia-cuda-nvrtc-cu12==12.4.127 in /opt/conda/lib/python3.11/site-packages (from torch>=2.0.0->accelerate) (12.4.127)
Requirement already satisfied: nvidia-cuda-runtime-cu12==12.4.127 in /opt/conda/lib/python3.11/site-packages (from torch>=2.0.0->accelerate) (12.4.127)
Requirement already satisfied: nvidia-cuda-cupti-cu12==12.4.127 in /opt/conda/lib/python3.11/site-packages (from torch>=2.0.0->accelerate) (12.4.127)
Requirement already satisfied: nvidia-cudnn-cu12==9.1.0.70 in /opt/conda/lib/python3.11/site-packages (from torch>=2.0.0->accelerate) (9.1.0.70)
Requirement already satisfied: nvidia-cublas-cu12==12.4.5.8 in /opt/conda/lib/python3.11/site-packages (from torch>=2.0.0->accelerate) (12.4.5.8)
Requirement already satisfied: nvidia-cufft-cu12==11.2.1.3 in /opt/conda/lib/python3.11/site-packages (from torch>=2.0.0->accelerate) (11.2.1.3)
Requirement already satisfied: nvidia-curand-cu12==10.3.5.147 in /opt/conda/lib/python3.11/site-packages (from torch>=2.0.0->accelerate) (10.3.5.147)
Requirement already satisfied: nvidia-cusolver-cu12==11.6.1.9 in /opt/conda/lib/python3.11/site-packages (from torch>=2.0.0->accelerate) (11.6.1.9)
Requirement already satisfied: nvidia-cusparse-cu12==12.3.1.170 in /opt/conda/lib/python3.11/site-packages (from torch>=2.0.0->accelerate) (12.3.1.170)
Requirement already satisfied: nvidia-nccl-cu12==2.21.5 in /opt/conda/lib/python3.11/site-packages (from torch>=2.0.0->accelerate) (2.21.5)
Requirement already satisfied: nvidia-nvtx-cu12==12.4.127 in /opt/conda/lib/python3.11/site-packages (from torch>=2.0.0->accelerate) (12.4.127)
Requirement already satisfied: nvidia-nvjitlink-cu12==12.4.127 in /opt/conda/lib/python3.11/site-packages (from torch>=2.0.0->accelerate) (12.4.127)
Requirement already satisfied: triton==3.1.0 in /opt/conda/lib/python3.11/site-packages (from torch>=2.0.0->accelerate) (3.1.0)
Requirement already satisfied: sympy==1.13.1 in /opt/conda/lib/python3.11/site-packages (from torch>=2.0.0->accelerate) (1.13.1)
Requirement already satisfied: mpmath<1.4,>=1.1.0 in /opt/conda/lib/python3.11/site-packages (from sympy==1.13.1->torch>=2.0.0->accelerate) (1.3.0)
Collecting shellingham>=1.3.0 (from typer->transformers>=4.50.0)
  Using cached shellingham-1.5.4-py2.py3-none-any.whl.metadata (3.5 kB)
Collecting rich>=13.8.0 (from typer->transformers>=4.50.0)
  Using cached rich-15.0.0-py3-none-any.whl.metadata (18 kB)
Collecting annotated-doc>=0.0.2 (from typer->transformers>=4.50.0)
  Using cached annotated_doc-0.0.5-py3-none-any.whl.metadata (6.5 kB)
Collecting markdown-it-py>=2.2.0 (from rich>=13.8.0->typer->transformers>=4.50.0)
  Using cached markdown_it_py-4.2.0-py3-none-any.whl.metadata (7.4 kB)
Requirement already satisfied: pygments<3.0.0,>=2.13.0 in /opt/conda/lib/python3.11/site-packages (from rich>=13.8.0->typer->transformers>=4.50.0) (2.18.0)
Requirement already satisfied: MarkupSafe>=2.0 in /opt/conda/lib/python3.11/site-packages (from jinja2->torch>=2.0.0->accelerate) (3.0.2)
Collecting mdurl~=0.1 (from markdown-it-py>=2.2.0->rich>=13.8.0->typer->transformers>=4.50.0)
  Using cached mdurl-0.1.2-py3-none-any.whl.metadata (1.6 kB)
Using cached transformers-5.15.1-py3-none-any.whl (11.7 MB)
Using cached accelerate-1.14.0-py3-none-any.whl (389 kB)
Downloading regex-2026.7.19-cp311-cp311-manylinux2014_x86_64.manylinux_2_17_x86_64.manylinux_2_28_x86_64.whl (801 kB)
   ━━━━━━━━━━━━━━━━━━━━━━━━━━━━━━━━━━━━━━━━ 801.4/801.4 kB 29.4 MB/s eta 0:00:00
Using cached safetensors-0.8.0-cp310-abi3-manylinux_2_17_x86_64.manylinux2014_x86_64.whl (516 kB)
Using cached tokenizers-0.22.2-cp39-abi3-manylinux_2_17_x86_64.manylinux2014_x86_64.whl (3.3 MB)
Using cached typer-0.27.1-py3-none-any.whl (122 kB)
Using cached annotated_doc-0.0.5-py3-none-any.whl (5.3 kB)
Using cached rich-15.0.0-py3-none-any.whl (310 kB)
Using cached shellingham-1.5.4-py2.py3-none-any.whl (9.8 kB)
Using cached markdown_it_py-4.2.0-py3-none-any.whl (91 kB)
Using cached mdurl-0.1.2-py3-none-any.whl (10.0 kB)
Installing collected packages: shellingham, safetensors, regex, mdurl, annotated-doc, markdown-it-py, rich, typer, tokenizers, accelerate, transformers
Successfully installed accelerate-1.14.0 annotated-doc-0.0.5 markdown-it-py-4.2.0 mdurl-0.1.2 regex-2026.7.19 rich-15.0.0 safetensors-0.8.0 shellingham-1.5.4 tokenizers-0.22.2 transformers-5.15.1 typer-0.27.1
=== Versions ===
Torch: 2.5.1+cu124
Transformers: 5.15.1
=== Running Gemma ===
