000 (182235.000.000) 2026-08-20 17:29:00 Job submitted from host: <10.143.248.60:9618?addrs=10.143.248.60-9618&alias=conduit.hpc.uni-saarland.de&noUDP&sock=schedd_2748159_1206>
...
001 (182235.000.000) 2026-08-20 17:29:09 Job executing on host: <10.143.248.11:9618?PrivAddr=%3c10.143.250.11:9618%3fsock%3dstartd_2479_f75e%3e&PrivNet=cs-hpc-storage&addrs=10.143.248.11-9618&alias=lofn.hpc.uni-saarland.de&noUDP&sock=startd_2479_f75e>
	SlotName: teaching1@lofn.hpc.uni-saarland.de
	AvailableGPUs = { GPUs_GPU_cca7fafe }
	CondorScratchDir = "/raid/condor/lib/condor/execute/dir_2169772"
	Cpus = 7
	Disk = 671998413
	GPUs = 1
	GPUs_GPU_cca7fafe = [ Id = "GPU-cca7fafe"; Capability = 6.0; DeviceName = "Tesla P100-SXM2-16GB"; DeviceUuid = "cca7fafe-45ba-2993-f24a-b5737b8e5036"; ECCEnabled = true; NvidiaDriver = "550.163.01"; DriverVersion = 12.4; DevicePciBusId = "0000:04:00.0"; GlobalMemoryMb = 16269; MaxSupportedVersion = 12040 ]
	Memory = 61920
...
005 (182235.000.000) 2026-08-20 17:29:12 Job terminated.
	(1) Normal termination (return value 0)
		Usr 0 00:00:00, Sys 0 00:00:00  -  Run Remote Usage
		Usr 0 00:00:00, Sys 0 00:00:00  -  Run Local Usage
		Usr 0 00:00:00, Sys 0 00:00:00  -  Total Remote Usage
		Usr 0 00:00:00, Sys 0 00:00:00  -  Total Local Usage
	0  -  Run Bytes Sent By Job
	0  -  Run Bytes Received By Job
	0  -  Total Bytes Sent By Job
	0  -  Total Bytes Received By Job
	Partitionable Resources :    Usage  Request Allocated Assigned
	   Cpus                 :        0        2         7 
	   Disk (KB)            :     1250     1250 671998413 
	   GPUs                 :                 1         1 "GPU-cca7fafe"
	   Memory (MB)          :             16384     61920 
	   TimeExecute (s)      :        3                    
	   TimeSlotBusy (s)     :        4                    
...
