000 (182591.000.000) 2026-08-24 15:31:35 Job submitted from host: <10.143.248.60:9618?addrs=10.143.248.60-9618&alias=conduit.hpc.uni-saarland.de&noUDP&sock=schedd_2748159_1206>
...
001 (182591.000.000) 2026-08-24 15:31:53 Job executing on host: <10.143.248.15:9618?PrivAddr=%3c10.143.250.15:9618%3fsock%3dstartd_2204_56d2%3e&PrivNet=cs-hpc-storage&addrs=10.143.248.15-9618&alias=thera.hpc.uni-saarland.de&noUDP&sock=startd_2204_56d2>
	SlotName: teaching6@thera.hpc.uni-saarland.de
	AvailableGPUs = { GPUs_GPU_c3fa5d7a }
	CondorScratchDir = "/raid/condor/lib/condor/execute/dir_176809"
	Cpus = 7
	Disk = 414954411
	GPUs = 1
	GPUs_GPU_c3fa5d7a = [ Id = "GPU-c3fa5d7a"; Capability = 6.0; DeviceName = "Tesla P100-SXM2-16GB"; DeviceUuid = "c3fa5d7a-6c9f-8d89-61b5-d3e57ee1ad77"; ECCEnabled = true; NvidiaDriver = "550.163.01"; DriverVersion = 12.4; DevicePciBusId = "0000:86:00.0"; GlobalMemoryMb = 16269; MaxSupportedVersion = 12040 ]
	Memory = 96737
...
006 (182591.000.000) 2026-08-24 15:32:02 Image size of job updated: 1250
	160  -  MemoryUsage of job (MB)
	164308  -  ResidentSetSize of job (KB)
...
006 (182591.000.000) 2026-08-24 15:35:02 Image size of job updated: 1250
	695  -  MemoryUsage of job (MB)
	712044  -  ResidentSetSize of job (KB)
...
005 (182591.000.000) 2026-08-24 15:35:03 Job terminated.
	(1) Normal termination (return value 1)
		Usr 0 00:00:17, Sys 0 00:00:11  -  Run Remote Usage
		Usr 0 00:00:00, Sys 0 00:00:00  -  Run Local Usage
		Usr 0 00:00:17, Sys 0 00:00:11  -  Total Remote Usage
		Usr 0 00:00:00, Sys 0 00:00:00  -  Total Local Usage
	0  -  Run Bytes Sent By Job
	0  -  Run Bytes Received By Job
	0  -  Total Bytes Sent By Job
	0  -  Total Bytes Received By Job
	Partitionable Resources :    Usage  Request Allocated Assigned
	   Cpus                 :     0.00        2         7 
	   Disk (KB)            :  1250        1250 414954411 
	   GPUs                 :     0.00        1         1 "GPU-c3fa5d7a"
	   GpusMemory (MB)      :  8573                       
	   Memory (MB)          :   695       16384     96737 
	   TimeExecute (s)      :   189                       
	   TimeSlotBusy (s)     :   189                       
...
