000 (182136.000.000) 2026-08-19 23:41:39 Job submitted from host: <10.143.248.60:9618?addrs=10.143.248.60-9618&alias=conduit.hpc.uni-saarland.de&noUDP&sock=schedd_2748159_1206>
...
001 (182136.000.000) 2026-08-19 23:41:40 Job executing on host: <10.143.248.11:9618?PrivAddr=%3c10.143.250.11:9618%3fsock%3dstartd_2479_f75e%3e&PrivNet=cs-hpc-storage&addrs=10.143.248.11-9618&alias=lofn.hpc.uni-saarland.de&noUDP&sock=startd_2479_f75e>
	SlotName: teaching2@lofn.hpc.uni-saarland.de
	AvailableGPUs = { GPUs_GPU_f968d76a }
	CondorScratchDir = "/raid/condor/lib/condor/execute/dir_1527320"
	Cpus = 7
	Disk = 671998413
	GPUs = 1
	GPUs_GPU_f968d76a = [ Id = "GPU-f968d76a"; Capability = 6.0; DeviceName = "Tesla P100-SXM2-16GB"; DeviceUuid = "f968d76a-7475-2218-7b77-16ed4b0507fe"; ECCEnabled = true; NvidiaDriver = "550.163.01"; DriverVersion = 12.4; DevicePciBusId = "0000:05:00.0"; GlobalMemoryMb = 16269; MaxSupportedVersion = 12040 ]
	Memory = 61920
...
006 (182136.000.000) 2026-08-19 23:41:49 Image size of job updated: 1250
	87  -  MemoryUsage of job (MB)
	89812  -  ResidentSetSize of job (KB)
...
006 (182136.000.000) 2026-08-19 23:43:12 Image size of job updated: 1250
	1163  -  MemoryUsage of job (MB)
	1191524  -  ResidentSetSize of job (KB)
...
004 (182136.000.000) 2026-08-19 23:43:13 Job was evicted. Code 1009 Subcode 0
	(0) CPU times
		Usr 0 00:01:27, Sys 0 00:00:08  -  Run Remote Usage
		Usr 0 00:00:00, Sys 0 00:00:00  -  Run Local Usage
	0  -  Run Bytes Sent By Job
	0  -  Run Bytes Received By Job
	Reason: Claim deactivated
	Partitionable Resources :    Usage  Request Allocated Assigned
	   Cpus                 :        0        1         7 
	   Disk (KB)            :     1250     1250 671998413 
	   GPUs                 :                 1         1 "GPU-f968d76a"
	   Memory (MB)          :     1163     4096     61920 
	   TimeExecute (s)      :       92                    
	   TimeSlotBusy (s)     :       93                    
...
009 (182136.000.000) 2026-08-19 23:43:13 Job was aborted.
	via condor_rm (by user ppllm26_team000)
...
