000 (182011.000.000) 2026-08-19 14:44:33 Job submitted from host: <10.143.248.60:9618?addrs=10.143.248.60-9618&alias=conduit.hpc.uni-saarland.de&noUDP&sock=schedd_2748159_1206>
...
001 (182011.000.000) 2026-08-19 14:44:33 Job executing on host: <10.143.248.11:9618?PrivAddr=%3c10.143.250.11:9618%3fsock%3dstartd_2479_f75e%3e&PrivNet=cs-hpc-storage&addrs=10.143.248.11-9618&alias=lofn.hpc.uni-saarland.de&noUDP&sock=startd_2479_f75e>
	SlotName: teaching4@lofn.hpc.uni-saarland.de
	AvailableGPUs = { GPUs_GPU_850254af }
	CondorScratchDir = "/raid/condor/lib/condor/execute/dir_1152104"
	Cpus = 7
	Disk = 671998413
	GPUs = 1
	GPUs_GPU_850254af = [ Id = "GPU-850254af"; Capability = 6.0; DeviceName = "Tesla P100-SXM2-16GB"; DeviceUuid = "850254af-1026-fc6b-f162-c969e74a2330"; ECCEnabled = true; NvidiaDriver = "550.163.01"; DriverVersion = 12.4; DevicePciBusId = "0000:0A:00.0"; GlobalMemoryMb = 16269; MaxSupportedVersion = 12040 ]
	Memory = 61920
...
006 (182011.000.000) 2026-08-19 14:50:47 Image size of job updated: 1250
	34  -  MemoryUsage of job (MB)
	35372  -  ResidentSetSize of job (KB)
...
006 (182011.000.000) 2026-08-19 14:55:48 Image size of job updated: 1250
	36  -  MemoryUsage of job (MB)
	37436  -  ResidentSetSize of job (KB)
...
006 (182011.000.000) 2026-08-19 15:00:49 Image size of job updated: 1250
	36  -  MemoryUsage of job (MB)
	37692  -  ResidentSetSize of job (KB)
...
006 (182011.000.000) 2026-08-19 15:04:35 Image size of job updated: 1250
	38  -  MemoryUsage of job (MB)
	39528  -  ResidentSetSize of job (KB)
...
004 (182011.000.000) 2026-08-19 15:05:04 Job was evicted. Code 1009 Subcode 0
	(0) CPU times
		Usr 0 00:00:01, Sys 0 00:00:00  -  Run Remote Usage
		Usr 0 00:00:00, Sys 0 00:00:00  -  Run Local Usage
	0  -  Run Bytes Sent By Job
	0  -  Run Bytes Received By Job
	Reason: Claim deactivated
	Partitionable Resources :    Usage  Request Allocated Assigned
	   Cpus                 :     0.00        1         7 
	   Disk (KB)            :  1250        1250 671998413 
	   GPUs                 :     0           1         1 "GPU-850254af"
	   GpusMemory (MB)      :   117                       
	   Memory (MB)          :    38        4096     61920 
	   TimeExecute (s)      :  1231                       
	   TimeSlotBusy (s)     :  1231                       
...
009 (182011.000.000) 2026-08-19 15:05:04 Job was aborted.
	via condor_rm (by user ppllm26_team000)
...
