
==========
== CUDA ==
==========

CUDA Version 12.1.1

Container image Copyright (c) 2016-2023, NVIDIA CORPORATION & AFFILIATES. All rights reserved.

This container image and its contents are governed by the NVIDIA Deep Learning Container License.
By pulling and using the container, you accept the terms and conditions of this license:
https://developer.nvidia.com/ngc/nvidia-deep-learning-container-license

A copy of this license is made available in this container at /NGC-DL-CONTAINER-LICENSE for your convenience.

started
Done running!
You are an expert evaluator of language
    model responses. Your task is to score how
    well a model’s response captures the idea of
    a response to a given sentence.
    The tested model will see a conversation
    structure like this:
    "context": ...
    "initial turn": ...
    "response_1": ...
    "response_2": ...
    And they are asked to evaluate:
    What is the intention behind ‘response_1’?
    Why or when might someone prefer
    ‘response_1’ over ‘response_2’?
    We have the reference golden intention for
    you: This response flouts the maxim of Quality by using humor and mild exaggeration to imply that some short stories can be boring. It aims to express conditional interest with a playful twist, introducing a hint of skepticism. A speaker might prefer this reply over candidate_sentence_1 because it adds personality and humor to the exchange while remaining noncommittal, perhaps inviting further discussion about engaging stories., this is the core idea of the intention
    of response_1.
    Model’s response: The pragmatic intention behind'response_1' is to express conditional interest in a book of short stories while adding a touch of humor and skepticism. By saying "as long as it doesn't put me to sleep halfway through," the speaker is hinting that they might enjoy the book, but only if it's engaging enough to keep them awake. This response is noncommittal and invites further discussion, allowing the other person to share their own experiences or recommendations. Someone might prefer'response_1' over'response_2' pragmatically when they want to add a lighthearted and playful tone to the conversation, or when they're not entirely sure about their interest in a particular genre. In such cases,'response_1' can help to create a more relaxed and engaging atmosphere, making it easier to explore the topic further and gauge the other person's enthusiasm.
    You should understand that the tested
    models are base models, thus not
    deliberately instructed to format their
    responses and may output random strings
    and sentences. You just need to check the
    content of their responses instead of the
    format.
    Score the model’s response on a scale of 1
    to 10, or Invalid, where:- 10: The model’s response perfectly
    captures the intention described in the
    reference- 1: The model’s response poorly captures
    the intention described in the reference- Invalid: The model’s response is nonsense
    or invalid
    Return ONLY a JSON object with the
    following format:
    {
    "score": <number between 1 and 10 or
    Invalid>,
    "reason": "<brief explanation of your score,
    no more than 25 words>"
    }
    Do not include any other text, just the
    JSON object.




You are an expert evaluator of language
    model responses. Your task is to score how
    well a model’s response captures the idea of
    a response to a given sentence.
    The tested model will see a conversation
    structure like this:
    "context": ...
    "initial turn": ...
    "response_1": ...
    "response_2": ...
    And they are asked to evaluate:
    What is the intention behind ‘response_1’?
    Why or when might someone prefer
    ‘response_1’ over ‘response_2’?
    We have the reference golden intention for
    you: This response does not flout any maxim. It aims to provide direct and unfiltered feedback by clearly expressing strong dislike for the dessert. A speaker might prefer this reply over candidate_sentence_1 because it values honesty and transparency, ensuring there is no confusion about their opinion. This candid approach may be chosen if the speaker feels that being straightforward is necessary in the context., this is the core idea of the intention
    of response_1.
    Model’s response: The pragmatic intention behind'response_1' is to express conditional interest in reading a book of short stories while adding a touch of humor and skepticism. The speaker is being noncommittal, implying that they may not be interested if the stories are too dull or boring. This response is intended to be playful and lighthearted, aiming to invite further discussion and exploration of the topic. Someone might prefer'response_1' over'response_2' pragmatically when they want to gauge the other person's enthusiasm and willingness to engage in a conversation about a potentially sensitive or niche topic, such as reading habits. This approach allows for a more casual and open-ended exchange, enabling the speaker to gauge the other person's interest and adjust their own expectations accordingly.
    You should understand that the tested
    models are base models, thus not
    deliberately instructed to format their
    responses and may output random strings
    and sentences. You just need to check the
    content of their responses instead of the
    format.
    Score the model’s response on a scale of 1
    to 10, or Invalid, where:- 10: The model’s response perfectly
    captures the intention described in the
    reference- 1: The model’s response poorly captures
    the intention described in the reference- Invalid: The model’s response is nonsense
    or invalid
    Return ONLY a JSON object with the
    following format:
    {
    "score": <number between 1 and 10 or
    Invalid>,
    "reason": "<brief explanation of your score,
    no more than 25 words>"
    }
    Do not include any other text, just the
    JSON object.




