
==========
== CUDA ==
==========

CUDA Version 12.1.1

Container image Copyright (c) 2016-2023, NVIDIA CORPORATION & AFFILIATES. All rights reserved.

This container image and its contents are governed by the NVIDIA Deep Learning Container License.
By pulling and using the container, you accept the terms and conditions of this license:
https://developer.nvidia.com/ngc/nvidia-deep-learning-container-license

A copy of this license is made available in this container at /NGC-DL-CONTAINER-LICENSE for your convenience.

Defaulting to user installation because normal site-packages is not writeable
Collecting datasets
  Downloading datasets-5.0.1-py3-none-any.whl.metadata (23 kB)
Requirement already satisfied: filelock in /opt/conda/lib/python3.10/site-packages (from datasets) (3.13.1)
Requirement already satisfied: numpy>=1.17 in /opt/conda/lib/python3.10/site-packages (from datasets) (1.26.4)
Collecting pyarrow>=21.0.0 (from datasets)
  Downloading pyarrow-25.0.1-cp310-cp310-manylinux_2_28_x86_64.whl.metadata (3.0 kB)
Collecting dill<0.4.2,>=0.3.0 (from datasets)
  Downloading dill-0.4.1-py3-none-any.whl.metadata (10 kB)
Collecting pandas (from datasets)
  Downloading pandas-2.3.3-cp310-cp310-manylinux_2_24_x86_64.manylinux_2_28_x86_64.whl.metadata (91 kB)
     ━━━━━━━━━━━━━━━━━━━━━━━━━━━━━━━━━━━━━━━━ 91.2/91.2 kB 3.0 MB/s eta 0:00:00
Requirement already satisfied: requests>=2.32.2 in /opt/conda/lib/python3.10/site-packages (from datasets) (2.32.2)
Collecting httpx<1.0.0 (from datasets)
  Downloading httpx-0.28.1-py3-none-any.whl.metadata (7.1 kB)
Requirement already satisfied: tqdm>=4.66.3 in /opt/conda/lib/python3.10/site-packages (from datasets) (4.66.4)
Collecting xxhash (from datasets)
  Downloading xxhash-4.0.1-cp310-cp310-manylinux2014_x86_64.manylinux_2_17_x86_64.manylinux_2_28_x86_64.whl.metadata (17 kB)
Collecting multiprocess<0.70.20 (from datasets)
  Downloading multiprocess-0.70.19-py310-none-any.whl.metadata (7.5 kB)
Requirement already satisfied: fsspec<=2026.6.0,>=2023.1.0 in /opt/conda/lib/python3.10/site-packages (from fsspec[http]<=2026.6.0,>=2023.1.0->datasets) (2024.6.0)
Collecting huggingface-hub<2.0,>=0.25.0 (from datasets)
  Downloading huggingface_hub-1.28.0-py3-none-any.whl.metadata (16 kB)
Requirement already satisfied: packaging in /opt/conda/lib/python3.10/site-packages (from datasets) (23.2)
Requirement already satisfied: pyyaml>=5.1 in /opt/conda/lib/python3.10/site-packages (from datasets) (6.0.1)
Collecting aiohttp!=4.0.0a0,!=4.0.0a1 (from fsspec[http]<=2026.6.0,>=2023.1.0->datasets)
  Downloading aiohttp-3.14.3-cp310-cp310-manylinux2014_x86_64.manylinux_2_17_x86_64.manylinux_2_28_x86_64.whl.metadata (8.3 kB)
Collecting anyio (from httpx<1.0.0->datasets)
  Downloading anyio-4.14.2-py3-none-any.whl.metadata (4.6 kB)
Requirement already satisfied: certifi in /opt/conda/lib/python3.10/site-packages (from httpx<1.0.0->datasets) (2024.2.2)
Collecting httpcore==1.* (from httpx<1.0.0->datasets)
  Downloading httpcore-1.0.9-py3-none-any.whl.metadata (21 kB)
Requirement already satisfied: idna in /opt/conda/lib/python3.10/site-packages (from httpx<1.0.0->datasets) (3.7)
Collecting h11>=0.16 (from httpcore==1.*->httpx<1.0.0->datasets)
  Downloading h11-0.16.0-py3-none-any.whl.metadata (8.3 kB)
Collecting click<9.0.0,>=8.4.2 (from huggingface-hub<2.0,>=0.25.0->datasets)
  Downloading click-8.4.2-py3-none-any.whl.metadata (2.6 kB)
Collecting hf-xet<2.0.0,>=1.5.2 (from huggingface-hub<2.0,>=0.25.0->datasets)
  Downloading hf_xet-1.6.0-cp38-abi3-manylinux2014_x86_64.manylinux_2_17_x86_64.whl.metadata (4.9 kB)
Requirement already satisfied: typing-extensions>=4.1.0 in /opt/conda/lib/python3.10/site-packages (from huggingface-hub<2.0,>=0.25.0->datasets) (4.11.0)
Requirement already satisfied: charset-normalizer<4,>=2 in /opt/conda/lib/python3.10/site-packages (from requests>=2.32.2->datasets) (2.0.4)
Requirement already satisfied: urllib3<3,>=1.21.1 in /opt/conda/lib/python3.10/site-packages (from requests>=2.32.2->datasets) (2.2.1)
Collecting python-dateutil>=2.8.2 (from pandas->datasets)
  Downloading python_dateutil-2.9.0.post0-py2.py3-none-any.whl.metadata (8.4 kB)
Requirement already satisfied: pytz>=2020.1 in /opt/conda/lib/python3.10/site-packages (from pandas->datasets) (2024.1)
Collecting tzdata>=2022.7 (from pandas->datasets)
  Downloading tzdata-2026.3-py2.py3-none-any.whl.metadata (1.4 kB)
Collecting aiohappyeyeballs>=2.5.0 (from aiohttp!=4.0.0a0,!=4.0.0a1->fsspec[http]<=2026.6.0,>=2023.1.0->datasets)
  Downloading aiohappyeyeballs-2.7.1-py3-none-any.whl.metadata (5.9 kB)
Collecting aiosignal>=1.4.0 (from aiohttp!=4.0.0a0,!=4.0.0a1->fsspec[http]<=2026.6.0,>=2023.1.0->datasets)
  Downloading aiosignal-1.4.0-py3-none-any.whl.metadata (3.7 kB)
Collecting async-timeout<6.0,>=4.0 (from aiohttp!=4.0.0a0,!=4.0.0a1->fsspec[http]<=2026.6.0,>=2023.1.0->datasets)
  Downloading async_timeout-5.0.1-py3-none-any.whl.metadata (5.1 kB)
Requirement already satisfied: attrs>=17.3.0 in /opt/conda/lib/python3.10/site-packages (from aiohttp!=4.0.0a0,!=4.0.0a1->fsspec[http]<=2026.6.0,>=2023.1.0->datasets) (23.1.0)
Collecting frozenlist>=1.1.1 (from aiohttp!=4.0.0a0,!=4.0.0a1->fsspec[http]<=2026.6.0,>=2023.1.0->datasets)
  Downloading frozenlist-1.8.0-cp310-cp310-manylinux1_x86_64.manylinux_2_28_x86_64.manylinux_2_5_x86_64.whl.metadata (20 kB)
Collecting multidict<7.0,>=4.5 (from aiohttp!=4.0.0a0,!=4.0.0a1->fsspec[http]<=2026.6.0,>=2023.1.0->datasets)
  Downloading multidict-6.7.1-cp310-cp310-manylinux2014_x86_64.manylinux_2_17_x86_64.manylinux_2_28_x86_64.whl.metadata (5.3 kB)
Collecting propcache>=0.2.0 (from aiohttp!=4.0.0a0,!=4.0.0a1->fsspec[http]<=2026.6.0,>=2023.1.0->datasets)
  Downloading propcache-0.5.2-cp310-cp310-manylinux2014_x86_64.manylinux_2_17_x86_64.manylinux_2_28_x86_64.whl.metadata (16 kB)
Collecting yarl<2.0,>=1.17.0 (from aiohttp!=4.0.0a0,!=4.0.0a1->fsspec[http]<=2026.6.0,>=2023.1.0->datasets)
  Downloading yarl-1.24.5-cp310-cp310-manylinux2014_x86_64.manylinux_2_17_x86_64.manylinux_2_28_x86_64.whl.metadata (103 kB)
     ━━━━━━━━━━━━━━━━━━━━━━━━━━━━━━━━━━━━━━ 104.0/104.0 kB 12.2 MB/s eta 0:00:00
Requirement already satisfied: six>=1.5 in /opt/conda/lib/python3.10/site-packages (from python-dateutil>=2.8.2->pandas->datasets) (1.16.0)
Requirement already satisfied: exceptiongroup>=1.0.2 in /opt/conda/lib/python3.10/site-packages (from anyio->httpx<1.0.0->datasets) (1.2.0)
Downloading datasets-5.0.1-py3-none-any.whl (559 kB)
   ━━━━━━━━━━━━━━━━━━━━━━━━━━━━━━━━━━━━━━━━ 559.1/559.1 kB 24.7 MB/s eta 0:00:00
Downloading dill-0.4.1-py3-none-any.whl (120 kB)
   ━━━━━━━━━━━━━━━━━━━━━━━━━━━━━━━━━━━━━━━━ 120.0/120.0 kB 13.1 MB/s eta 0:00:00
Downloading httpx-0.28.1-py3-none-any.whl (73 kB)
   ━━━━━━━━━━━━━━━━━━━━━━━━━━━━━━━━━━━━━━━━ 73.5/73.5 kB 8.1 MB/s eta 0:00:00
Downloading httpcore-1.0.9-py3-none-any.whl (78 kB)
   ━━━━━━━━━━━━━━━━━━━━━━━━━━━━━━━━━━━━━━━━ 78.8/78.8 kB 11.0 MB/s eta 0:00:00
Downloading huggingface_hub-1.28.0-py3-none-any.whl (793 kB)
   ━━━━━━━━━━━━━━━━━━━━━━━━━━━━━━━━━━━━━━━━ 793.2/793.2 kB 45.6 MB/s eta 0:00:00
Downloading multiprocess-0.70.19-py310-none-any.whl (134 kB)
   ━━━━━━━━━━━━━━━━━━━━━━━━━━━━━━━━━━━━━━━━ 134.9/134.9 kB 10.6 MB/s eta 0:00:00
Downloading pyarrow-25.0.1-cp310-cp310-manylinux_2_28_x86_64.whl (50.1 MB)
   ━━━━━━━━━━━━━━━━━━━━━━━━━━━━━━━━━━━━━━━━ 50.1/50.1 MB ? eta 0:00:00
Downloading pandas-2.3.3-cp310-cp310-manylinux_2_24_x86_64.manylinux_2_28_x86_64.whl (12.8 MB)
   ━━━━━━━━━━━━━━━━━━━━━━━━━━━━━━━━━━━━━━━━ 12.8/12.8 MB 1.2 MB/s eta 0:00:00
Downloading xxhash-4.0.1-cp310-cp310-manylinux2014_x86_64.manylinux_2_17_x86_64.manylinux_2_28_x86_64.whl (249 kB)
   ━━━━━━━━━━━━━━━━━━━━━━━━━━━━━━━━━━━━━━━━ 249.5/249.5 kB 9.6 MB/s eta 0:00:00
Downloading aiohttp-3.14.3-cp310-cp310-manylinux2014_x86_64.manylinux_2_17_x86_64.manylinux_2_28_x86_64.whl (1.7 MB)
   ━━━━━━━━━━━━━━━━━━━━━━━━━━━━━━━━━━━━━━━━ 1.7/1.7 MB 55.1 MB/s eta 0:00:00
Downloading click-8.4.2-py3-none-any.whl (119 kB)
   ━━━━━━━━━━━━━━━━━━━━━━━━━━━━━━━━━━━━━━━━ 119.2/119.2 kB 14.7 MB/s eta 0:00:00
Downloading hf_xet-1.6.0-cp38-abi3-manylinux2014_x86_64.manylinux_2_17_x86_64.whl (4.5 MB)
   ━━━━━━━━━━━━━━━━━━━━━━━━━━━━━━━━━━━━━━━━ 4.5/4.5 MB 71.8 MB/s eta 0:00:00
Downloading python_dateutil-2.9.0.post0-py2.py3-none-any.whl (229 kB)
   ━━━━━━━━━━━━━━━━━━━━━━━━━━━━━━━━━━━━━━━━ 229.9/229.9 kB 27.5 MB/s eta 0:00:00
Downloading tzdata-2026.3-py2.py3-none-any.whl (348 kB)
   ━━━━━━━━━━━━━━━━━━━━━━━━━━━━━━━━━━━━━━━━ 348.2/348.2 kB 32.3 MB/s eta 0:00:00
Downloading anyio-4.14.2-py3-none-any.whl (125 kB)
   ━━━━━━━━━━━━━━━━━━━━━━━━━━━━━━━━━━━━━━━━ 125.8/125.8 kB 15.6 MB/s eta 0:00:00
Downloading aiohappyeyeballs-2.7.1-py3-none-any.whl (15 kB)
Downloading aiosignal-1.4.0-py3-none-any.whl (7.5 kB)
Downloading async_timeout-5.0.1-py3-none-any.whl (6.2 kB)
Downloading frozenlist-1.8.0-cp310-cp310-manylinux1_x86_64.manylinux_2_28_x86_64.manylinux_2_5_x86_64.whl (219 kB)
   ━━━━━━━━━━━━━━━━━━━━━━━━━━━━━━━━━━━━━━━━ 219.5/219.5 kB 25.4 MB/s eta 0:00:00
Downloading h11-0.16.0-py3-none-any.whl (37 kB)
Downloading multidict-6.7.1-cp310-cp310-manylinux2014_x86_64.manylinux_2_17_x86_64.manylinux_2_28_x86_64.whl (243 kB)
   ━━━━━━━━━━━━━━━━━━━━━━━━━━━━━━━━━━━━━━━━ 243.3/243.3 kB 25.5 MB/s eta 0:00:00
Downloading propcache-0.5.2-cp310-cp310-manylinux2014_x86_64.manylinux_2_17_x86_64.manylinux_2_28_x86_64.whl (60 kB)
   ━━━━━━━━━━━━━━━━━━━━━━━━━━━━━━━━━━━━━━━━ 60.1/60.1 kB 7.8 MB/s eta 0:00:00
Downloading yarl-1.24.5-cp310-cp310-manylinux2014_x86_64.manylinux_2_17_x86_64.manylinux_2_28_x86_64.whl (110 kB)
   ━━━━━━━━━━━━━━━━━━━━━━━━━━━━━━━━━━━━━━━━ 110.8/110.8 kB 16.6 MB/s eta 0:00:00
Installing collected packages: xxhash, tzdata, python-dateutil, pyarrow, propcache, multidict, hf-xet, h11, frozenlist, dill, click, async-timeout, anyio, aiohappyeyeballs, yarl, pandas, multiprocess, httpcore, aiosignal, httpx, aiohttp, huggingface-hub, datasets
Successfully installed aiohappyeyeballs-2.7.1 aiohttp-3.14.3 aiosignal-1.4.0 anyio-4.14.2 async-timeout-5.0.1 click-8.4.2 datasets-5.0.1 dill-0.4.1 frozenlist-1.8.0 h11-0.16.0 hf-xet-1.6.0 httpcore-1.0.9 httpx-0.28.1 huggingface-hub-1.28.0 multidict-6.7.1 multiprocess-0.70.19 pandas-2.3.3 propcache-0.5.2 pyarrow-25.0.1 python-dateutil-2.9.0.post0 tzdata-2026.3 xxhash-4.0.1 yarl-1.24.5
