000 (181992.000.000) 2026-08-19 13:47:50 Job submitted from host: <10.143.248.60:9618?addrs=10.143.248.60-9618&alias=conduit.hpc.uni-saarland.de&noUDP&sock=schedd_2748159_1206>
...
001 (181992.000.000) 2026-08-19 13:47:50 Job executing on host: <10.143.248.11:9618?PrivAddr=%3c10.143.250.11:9618%3fsock%3dstartd_2479_f75e%3e&PrivNet=cs-hpc-storage&addrs=10.143.248.11-9618&alias=lofn.hpc.uni-saarland.de&noUDP&sock=startd_2479_f75e>
	SlotName: teaching6@lofn.hpc.uni-saarland.de
	AvailableGPUs = { GPUs_GPU_10bc3255 }
	CondorScratchDir = "/raid/condor/lib/condor/execute/dir_1109995"
	Cpus = 7
	Disk = 671998413
	GPUs = 1
	GPUs_GPU_10bc3255 = [ Id = "GPU-10bc3255"; Capability = 6.0; DeviceName = "Tesla P100-SXM2-16GB"; DeviceUuid = "10bc3255-a0a4-9e06-ef44-bfb832980123"; ECCEnabled = true; NvidiaDriver = "550.163.01"; DriverVersion = 12.4; DevicePciBusId = "0000:8D:00.0"; GlobalMemoryMb = 16269; MaxSupportedVersion = 12040 ]
	Memory = 61920
...
006 (181992.000.000) 2026-08-19 13:52:59 Image size of job updated: 92
	92  -  MemoryUsage of job (MB)
	94884  -  ResidentSetSize of job (KB)
...
004 (181992.000.000) 2026-08-19 13:53:37 Job was evicted. Code 1009 Subcode 0
	(0) CPU times
		Usr 0 00:00:04, Sys 0 00:00:00  -  Run Remote Usage
		Usr 0 00:00:00, Sys 0 00:00:00  -  Run Local Usage
	0  -  Run Bytes Sent By Job
	0  -  Run Bytes Received By Job
	Reason: Claim deactivated
	Partitionable Resources :    Usage  Request Allocated Assigned
	   Cpus                 :     0.00        1         7 
	   Disk (KB)            :     1           1 671998413 
	   GPUs                 :     0           1         1 "GPU-10bc3255"
	   GpusMemory (MB)      :   117                       
	   Memory (MB)          :    92        4096     61920 
	   TimeExecute (s)      :   347                       
	   TimeSlotBusy (s)     :   347                       
...
009 (181992.000.000) 2026-08-19 13:53:37 Job was aborted.
	via condor_rm (by user ppllm26_team000)
...
