
==========
== CUDA ==
==========

CUDA Version 12.1.1

Container image Copyright (c) 2016-2023, NVIDIA CORPORATION & AFFILIATES. All rights reserved.

This container image and its contents are governed by the NVIDIA Deep Learning Container License.
By pulling and using the container, you accept the terms and conditions of this license:
https://developer.nvidia.com/ngc/nvidia-deep-learning-container-license

A copy of this license is made available in this container at /NGC-DL-CONTAINER-LICENSE for your convenience.

Defaulting to user installation because normal site-packages is not writeable
Requirement already satisfied: transformers in /home/ppllm26_team000/.local/lib/python3.10/site-packages (4.49.0)
Requirement already satisfied: accelerate in /home/ppllm26_team000/.local/lib/python3.10/site-packages (1.14.0)
Requirement already satisfied: filelock in /opt/conda/lib/python3.10/site-packages (from transformers) (3.13.1)
Requirement already satisfied: huggingface-hub<1.0,>=0.26.0 in /home/ppllm26_team000/.local/lib/python3.10/site-packages (from transformers) (0.36.2)
Requirement already satisfied: numpy>=1.17 in /opt/conda/lib/python3.10/site-packages (from transformers) (1.26.4)
Requirement already satisfied: packaging>=20.0 in /opt/conda/lib/python3.10/site-packages (from transformers) (23.2)
Requirement already satisfied: pyyaml>=5.1 in /opt/conda/lib/python3.10/site-packages (from transformers) (6.0.1)
Requirement already satisfied: regex!=2019.12.17 in /home/ppllm26_team000/.local/lib/python3.10/site-packages (from transformers) (2026.7.19)
Requirement already satisfied: requests in /opt/conda/lib/python3.10/site-packages (from transformers) (2.32.2)
Requirement already satisfied: tokenizers<0.22,>=0.21 in /home/ppllm26_team000/.local/lib/python3.10/site-packages (from transformers) (0.21.4)
Requirement already satisfied: safetensors>=0.4.1 in /home/ppllm26_team000/.local/lib/python3.10/site-packages (from transformers) (0.8.0)
Requirement already satisfied: tqdm>=4.27 in /opt/conda/lib/python3.10/site-packages (from transformers) (4.66.4)
Requirement already satisfied: psutil in /opt/conda/lib/python3.10/site-packages (from accelerate) (5.9.0)
Requirement already satisfied: torch>=2.0.0 in /opt/conda/lib/python3.10/site-packages (from accelerate) (2.3.1)
Requirement already satisfied: fsspec>=2023.5.0 in /opt/conda/lib/python3.10/site-packages (from huggingface-hub<1.0,>=0.26.0->transformers) (2024.6.0)
Requirement already satisfied: hf-xet<2.0.0,>=1.1.3 in /home/ppllm26_team000/.local/lib/python3.10/site-packages (from huggingface-hub<1.0,>=0.26.0->transformers) (1.6.0)
Requirement already satisfied: typing-extensions>=3.7.4.3 in /opt/conda/lib/python3.10/site-packages (from huggingface-hub<1.0,>=0.26.0->transformers) (4.11.0)
Requirement already satisfied: sympy in /opt/conda/lib/python3.10/site-packages (from torch>=2.0.0->accelerate) (1.12.1)
Requirement already satisfied: networkx in /opt/conda/lib/python3.10/site-packages (from torch>=2.0.0->accelerate) (3.2.1)
Requirement already satisfied: jinja2 in /opt/conda/lib/python3.10/site-packages (from torch>=2.0.0->accelerate) (3.1.4)
Requirement already satisfied: charset-normalizer<4,>=2 in /opt/conda/lib/python3.10/site-packages (from requests->transformers) (2.0.4)
Requirement already satisfied: idna<4,>=2.5 in /opt/conda/lib/python3.10/site-packages (from requests->transformers) (3.7)
Requirement already satisfied: urllib3<3,>=1.21.1 in /opt/conda/lib/python3.10/site-packages (from requests->transformers) (2.2.1)
Requirement already satisfied: certifi>=2017.4.17 in /opt/conda/lib/python3.10/site-packages (from requests->transformers) (2024.2.2)
Requirement already satisfied: MarkupSafe>=2.0 in /opt/conda/lib/python3.10/site-packages (from jinja2->torch>=2.0.0->accelerate) (2.1.3)
Requirement already satisfied: mpmath<1.4.0,>=1.1.0 in /opt/conda/lib/python3.10/site-packages (from sympy->torch>=2.0.0->accelerate) (1.3.0)
