000 (182115.000.000) 2026-08-19 22:55:32 Job submitted from host: <10.143.248.60:9618?addrs=10.143.248.60-9618&alias=conduit.hpc.uni-saarland.de&noUDP&sock=schedd_2748159_1206>
...
001 (182115.000.000) 2026-08-19 22:55:32 Job executing on host: <10.143.248.11:9618?PrivAddr=%3c10.143.250.11:9618%3fsock%3dstartd_2479_f75e%3e&PrivNet=cs-hpc-storage&addrs=10.143.248.11-9618&alias=lofn.hpc.uni-saarland.de&noUDP&sock=startd_2479_f75e>
	SlotName: teaching2@lofn.hpc.uni-saarland.de
	AvailableGPUs = { GPUs_GPU_f968d76a }
	CondorScratchDir = "/raid/condor/lib/condor/execute/dir_1486857"
	Cpus = 7
	Disk = 671998413
	GPUs = 1
	GPUs_GPU_f968d76a = [ Id = "GPU-f968d76a"; Capability = 6.0; DeviceName = "Tesla P100-SXM2-16GB"; DeviceUuid = "f968d76a-7475-2218-7b77-16ed4b0507fe"; ECCEnabled = true; NvidiaDriver = "550.163.01"; DriverVersion = 12.4; DevicePciBusId = "0000:05:00.0"; GlobalMemoryMb = 16269; MaxSupportedVersion = 12040 ]
	Memory = 61920
...
006 (182115.000.000) 2026-08-19 22:55:41 Image size of job updated: 1250
	194  -  MemoryUsage of job (MB)
	198868  -  ResidentSetSize of job (KB)
...
006 (182115.000.000) 2026-08-19 22:55:52 Image size of job updated: 1250
	1060  -  MemoryUsage of job (MB)
	1086460  -  ResidentSetSize of job (KB)
...
005 (182115.000.000) 2026-08-19 22:55:53 Job terminated.
	(1) Normal termination (return value 0)
		Usr 0 00:00:14, Sys 0 00:00:08  -  Run Remote Usage
		Usr 0 00:00:00, Sys 0 00:00:00  -  Run Local Usage
		Usr 0 00:00:14, Sys 0 00:00:08  -  Total Remote Usage
		Usr 0 00:00:00, Sys 0 00:00:00  -  Total Local Usage
	0  -  Run Bytes Sent By Job
	0  -  Run Bytes Received By Job
	0  -  Total Bytes Sent By Job
	0  -  Total Bytes Received By Job
	Partitionable Resources :    Usage  Request Allocated Assigned
	   Cpus                 :        0        1         7 
	   Disk (KB)            :     1250     1250 671998413 
	   GPUs                 :                 1         1 "GPU-f968d76a"
	   Memory (MB)          :     1060     4096     61920 
	   TimeExecute (s)      :       20                    
	   TimeSlotBusy (s)     :       20                    
...
