000 (182032.000.000) 2026-08-19 16:33:14 Job submitted from host: <10.143.248.60:9618?addrs=10.143.248.60-9618&alias=conduit.hpc.uni-saarland.de&noUDP&sock=schedd_2748159_1206>
...
001 (182032.000.000) 2026-08-19 16:33:15 Job executing on host: <10.143.248.11:9618?PrivAddr=%3c10.143.250.11:9618%3fsock%3dstartd_2479_f75e%3e&PrivNet=cs-hpc-storage&addrs=10.143.248.11-9618&alias=lofn.hpc.uni-saarland.de&noUDP&sock=startd_2479_f75e>
	SlotName: teaching2@lofn.hpc.uni-saarland.de
	AvailableGPUs = { GPUs_GPU_f968d76a }
	CondorScratchDir = "/raid/condor/lib/condor/execute/dir_1222856"
	Cpus = 7
	Disk = 671998413
	GPUs = 1
	GPUs_GPU_f968d76a = [ Id = "GPU-f968d76a"; Capability = 6.0; DeviceName = "Tesla P100-SXM2-16GB"; DeviceUuid = "f968d76a-7475-2218-7b77-16ed4b0507fe"; ECCEnabled = true; NvidiaDriver = "550.163.01"; DriverVersion = 12.4; DevicePciBusId = "0000:05:00.0"; GlobalMemoryMb = 16269; MaxSupportedVersion = 12040 ]
	Memory = 61920
...
006 (182032.000.000) 2026-08-19 16:33:23 Image size of job updated: 1250
	54  -  MemoryUsage of job (MB)
	56060  -  ResidentSetSize of job (KB)
...
006 (182032.000.000) 2026-08-19 16:38:24 Image size of job updated: 1250
	1148  -  MemoryUsage of job (MB)
	1175800  -  ResidentSetSize of job (KB)
...
006 (182032.000.000) 2026-08-19 16:43:25 Image size of job updated: 1250
	1148  -  MemoryUsage of job (MB)
	1175828  -  ResidentSetSize of job (KB)
...
006 (182032.000.000) 2026-08-19 16:48:26 Image size of job updated: 1250
	1148  -  MemoryUsage of job (MB)
	1175856  -  ResidentSetSize of job (KB)
...
006 (182032.000.000) 2026-08-19 16:53:27 Image size of job updated: 1250
	1148  -  MemoryUsage of job (MB)
	1175880  -  ResidentSetSize of job (KB)
...
006 (182032.000.000) 2026-08-19 16:58:28 Image size of job updated: 1250
	1148  -  MemoryUsage of job (MB)
	1175900  -  ResidentSetSize of job (KB)
...
006 (182032.000.000) 2026-08-19 17:03:29 Image size of job updated: 1250
	1148  -  MemoryUsage of job (MB)
	1175928  -  ResidentSetSize of job (KB)
...
006 (182032.000.000) 2026-08-19 17:08:30 Image size of job updated: 1250
	1148  -  MemoryUsage of job (MB)
	1175960  -  ResidentSetSize of job (KB)
...
006 (182032.000.000) 2026-08-19 17:13:30 Image size of job updated: 1250
	1148  -  MemoryUsage of job (MB)
	1175984  -  ResidentSetSize of job (KB)
...
006 (182032.000.000) 2026-08-19 17:18:30 Image size of job updated: 1250
	1148  -  MemoryUsage of job (MB)
	1176008  -  ResidentSetSize of job (KB)
...
006 (182032.000.000) 2026-08-19 17:23:30 Image size of job updated: 1250
	1148  -  MemoryUsage of job (MB)
	1176036  -  ResidentSetSize of job (KB)
...
006 (182032.000.000) 2026-08-19 17:28:30 Image size of job updated: 1250
	1148  -  MemoryUsage of job (MB)
	1176064  -  ResidentSetSize of job (KB)
...
006 (182032.000.000) 2026-08-19 17:33:30 Image size of job updated: 1250
	1148  -  MemoryUsage of job (MB)
	1176084  -  ResidentSetSize of job (KB)
...
006 (182032.000.000) 2026-08-19 17:38:30 Image size of job updated: 1250
	1148  -  MemoryUsage of job (MB)
	1176116  -  ResidentSetSize of job (KB)
...
006 (182032.000.000) 2026-08-19 17:43:30 Image size of job updated: 1250
	1148  -  MemoryUsage of job (MB)
	1176144  -  ResidentSetSize of job (KB)
...
006 (182032.000.000) 2026-08-19 17:48:30 Image size of job updated: 1250
	1148  -  MemoryUsage of job (MB)
	1176164  -  ResidentSetSize of job (KB)
...
006 (182032.000.000) 2026-08-19 17:52:24 Image size of job updated: 1250
	1148  -  MemoryUsage of job (MB)
	1176196  -  ResidentSetSize of job (KB)
...
005 (182032.000.000) 2026-08-19 17:52:24 Job terminated.
	(1) Normal termination (return value 1)
		Usr 0 01:14:45, Sys 0 00:00:12  -  Run Remote Usage
		Usr 0 00:00:00, Sys 0 00:00:00  -  Run Local Usage
		Usr 0 01:14:45, Sys 0 00:00:12  -  Total Remote Usage
		Usr 0 00:00:00, Sys 0 00:00:00  -  Total Local Usage
	0  -  Run Bytes Sent By Job
	0  -  Run Bytes Received By Job
	0  -  Total Bytes Sent By Job
	0  -  Total Bytes Received By Job
	Partitionable Resources :    Usage  Request Allocated Assigned
	   Cpus                 :     0.00        1         7 
	   Disk (KB)            :  1250        1250 671998413 
	   GPUs                 :     0.85        1         1 "GPU-f968d76a"
	   GpusMemory (MB)      : 12897                       
	   Memory (MB)          :  1148        4096     61920 
	   TimeExecute (s)      :  4749                       
	   TimeSlotBusy (s)     :  4749                       
...
