
==========
== CUDA ==
==========

CUDA Version 12.1.1

Container image Copyright (c) 2016-2023, NVIDIA CORPORATION & AFFILIATES. All rights reserved.

This container image and its contents are governed by the NVIDIA Deep Learning Container License.
By pulling and using the container, you accept the terms and conditions of this license:
https://developer.nvidia.com/ngc/nvidia-deep-learning-container-license

A copy of this license is made available in this container at /NGC-DL-CONTAINER-LICENSE for your convenience.

{
    "score": 8,
    "reason": "The model captures the intention and nuances of response_1, but could provide a more concise explanation."
}<|eot_id|>


{
    "score": 8,
    "reason": "The model captures the intention and nuances of response_1, but could provide a more concise explanation."
}
{
    "score": 10,
    "reason": "The model's response perfectly captures the intention described in the reference, conveying a candid approach to expressing dislike for the dessert."
}<|eot_id|>


{
    "score": 10,
    "reason": "The model's response perfectly captures the intention described in the reference, conveying a candid approach to expressing dislike for the dessert."
}
{"score": 1, "reason": "The model's response poorly captures the intention described in the reference, missing key points about clarity and directness."}<|eot_id|>


{"score": 1, "reason": "The model's response poorly captures the intention described in the reference, missing key points about clarity and directness."}
[8, 10]
