
==========
== CUDA ==
==========

CUDA Version 12.1.1

Container image Copyright (c) 2016-2023, NVIDIA CORPORATION & AFFILIATES. All rights reserved.

This container image and its contents are governed by the NVIDIA Deep Learning Container License.
By pulling and using the container, you accept the terms and conditions of this license:
https://developer.nvidia.com/ngc/nvidia-deep-learning-container-license

A copy of this license is made available in this container at /NGC-DL-CONTAINER-LICENSE for your convenience.

{"score": 9, "reason": "The model's response captures the intention with nuance and provides a clear comparison between the two responses, effectively conveying the reference's idea."}<|eot_id|>


{"score": 9, "reason": "The model's response captures the intention with nuance and provides a clear comparison between the two responses, effectively conveying the reference's idea."}
{
"score": 1,
"reason": "The model's response poorly captures the intention described in the reference, as it discusses short stories instead of a dessert."}<|eot_id|>


{
"score": 1,
"reason": "The model's response poorly captures the intention described in the reference, as it discusses short stories instead of a dessert."}
{
  "score": 1,
  "reason": "The model's response poorly captures the intention described in the reference"
}<|eot_id|>


{
  "score": 1,
  "reason": "The model's response poorly captures the intention described in the reference"
}
